
> Dawaarly@0.1.0 build
> next build

▲ Next.js 16.2.2 (Turbopack)
- Environments: .env

  Creating an optimized production build ...
✓ Compiled successfully in 4.2s
  Running TypeScript ...
  Finished TypeScript in 65ms ...
  Collecting page data using 11 workers ...
  Generating static pages using 11 workers (0/23) ...
  Generating static pages using 11 workers (5/23) 
  Generating static pages using 11 workers (11/23) 
  Generating static pages using 11 workers (17/23) 
✓ Generating static pages using 11 workers (23/23) in 450ms
  Finalizing page optimization ...

Route (app)
┌ ○ /
├ ○ /_not-found
├ ƒ /account/[slug]
├ ○ /blogs
├ ƒ /blogs/[slug]
├ ○ /dashboard
├ ○ /dashboard/ads/all
├ ○ /dashboard/ads/form
├ ○ /dashboard/ads/pending
├ ○ /dashboard/blogs
├ ○ /dashboard/blogs/form
├ ○ /dashboard/data/categories
├ ○ /dashboard/data/places
├ ○ /dashboard/sliders
├ ○ /dashboard/sliders/form
├ ○ /dashboard/users
├ ○ /dashboard/users/form
├ ○ /favorites
├ ○ /market
├ ƒ /market/[slug]
├ ○ /mylisting
├ ○ /mylisting/createAd
├ ƒ /mylisting/form/[slug]
├ ○ /privacy
├ ○ /register
└ ○ /request-ad


○  (Static)   prerendered as static content
ƒ  (Dynamic)  server-rendered on demand

